[00:15:30] [Server thread/INFO]: elhardyd has made the advancement [Sweet Dreams]
[00:18:20] [Server thread/INFO]: elhardyd has made the advancement [Local Brewery]
[00:22:22] [Server thread/INFO]: Villager coj['Farmer'/45138, l='ServerLevel[world]', x=25182.85, y=67.00, z=24522.56] died, message: 'Farmer was slain by Zombie'
[00:22:59] [Server thread/INFO]: Villager coj['Villager'/45054, l='ServerLevel[world]', x=25142.39, y=41.00, z=24602.44] died, message: 'Villager hit the ground too hard while trying to escape Zombie'
[00:23:03] [Server thread/INFO]: <elhardyd> tzz
[00:23:06] [Server thread/INFO]: <elhardyd> zzzz
[00:23:06] [Server thread/INFO]: <elhardyd> zz
[00:23:07] [Server thread/INFO]: <elhardyd> zzz
[00:23:07] [Server thread/INFO]: <elhardyd> zz
[00:23:07] [Server thread/INFO]: <elhardyd> zz
[00:23:08] [Server thread/INFO]: <elhardyd> zz
[00:23:08] [Server thread/INFO]: <elhardyd> zz
[00:23:08] [Server thread/INFO]: <elhardyd> zz
[00:23:09] [Server thread/INFO]: <elhardyd> zzz
[00:23:09] [Server thread/INFO]: <elhardyd> zzz
[00:23:10] [Server thread/INFO]: <elhardyd> zzzz
[00:23:11] [Server thread/INFO]: <elhardyd> z
[00:23:11] [Server thread/INFO]: <elhardyd> z
[00:23:11] [Server thread/INFO]: <elhardyd> z
[00:23:11] [Server thread/INFO]: <elhardyd> z
[00:23:11] [Server thread/INFO]: <elhardyd> z
[00:23:11] [Server thread/INFO]: elhardyd lost connection: Kicked for spamming
[00:23:11] [Server thread/INFO]: elhardyd left the game
[00:23:16] [User Authenticator #5/INFO]: UUID of player elhardyd is 3a3d6082-28ae-457c-9246-819ee8ba9487
[00:23:17] [Server thread/INFO]: elhardyd[/10.122.144.70:56632] logged in with entity id 53233 at (25195.5, 71.0, 24584.5)
[00:23:17] [Server thread/INFO]: elhardyd joined the game
[00:25:02] [Server thread/INFO]: elhardyd lost connection: Timed out
[00:25:02] [Server thread/INFO]: elhardyd left the game
[00:25:09] [User Authenticator #6/INFO]: UUID of player elhardyd is 3a3d6082-28ae-457c-9246-819ee8ba9487
[00:25:09] [Server thread/INFO]: elhardyd[/10.122.144.70:49894] logged in with entity id 53631 at (25197.24745598223, 71.0625, 24583.992654805395)
[00:25:09] [Server thread/INFO]: elhardyd joined the game
[00:25:37] [User Authenticator #7/INFO]: UUID of player Dest16i_ is 6f47111f-8222-4920-aefc-baee27818edf
[00:25:39] [Server thread/INFO]: Dest16i_[/10.122.144.176:51089] logged in with entity id 53809 at (25003.5, 72.0, 25007.5)
[00:25:39] [Server thread/INFO]: Dest16i_ joined the game
[00:25:54] [Server thread/INFO]: elhardyd lost connection: Disconnected
[00:25:54] [Server thread/INFO]: elhardyd left the game
[00:27:13] [Server thread/INFO]: Dest16i_ has made the advancement [Stone Age]
[00:27:32] [Server thread/INFO]: Dest16i_ has made the advancement [Getting an Upgrade]
[00:30:11] [Server thread/INFO]: Dest16i_ lost connection: Disconnected
[00:30:11] [Server thread/INFO]: Dest16i_ left the game
[00:31:45] [User Authenticator #8/INFO]: UUID of player AAAAndre is 74ef61e9-264b-4c7c-bf24-4ccd45900c2e
[00:31:46] [Server thread/INFO]: AAAAndre[/10.122.144.214:59156] logged in with entity id 56148 at (24991.5, 70.0, 24999.5)
[00:31:46] [Server thread/INFO]: AAAAndre joined the game
[00:32:19] [User Authenticator #9/INFO]: UUID of player elhardyd is 3a3d6082-28ae-457c-9246-819ee8ba9487
[00:32:21] [Server thread/INFO]: elhardyd[/10.122.144.70:52072] logged in with entity id 56553 at (25197.24745598223, 71.0625, 24583.992654805395)
[00:32:21] [Server thread/INFO]: elhardyd joined the game
[00:32:46] [Server thread/INFO]: AAAAndre has made the advancement [Stone Age]
[00:33:31] [Server thread/INFO]: AAAAndre has made the advancement [Getting an Upgrade]
[00:34:03] [User Authenticator #10/INFO]: UUID of player Dest16i_ is 6f47111f-8222-4920-aefc-baee27818edf
[00:34:05] [Server thread/INFO]: Dest16i_[/10.122.144.176:51312] logged in with entity id 57156 at (25149.88927380423, 71.00133597911214, 24576.684941400505)
[00:34:05] [Server thread/INFO]: Dest16i_ joined the game
[00:35:03] [Server thread/INFO]: Dest16i_ has made the advancement [Sweet Dreams]
[00:35:05] [Server thread/INFO]: <Dest16i_> zzz
[00:35:05] [Server thread/INFO]: <Dest16i_> z
[00:35:05] [Server thread/INFO]: <Dest16i_> z
[00:35:29] [Server thread/INFO]: <Dest16i_> z
[00:35:30] [Server thread/INFO]: <Dest16i_> z
[00:35:30] [Server thread/INFO]: <Dest16i_> z
[00:35:57] [Server thread/INFO]: elhardyd lost connection: Disconnected
[00:35:57] [Server thread/INFO]: elhardyd left the game
[00:35:58] [Server thread/INFO]: AAAAndre lost connection: Disconnected
[00:35:58] [Server thread/INFO]: AAAAndre left the game
[00:36:10] [Server thread/INFO]: Dest16i_ lost connection: Disconnected
[00:36:10] [Server thread/INFO]: Dest16i_ left the game
[00:36:15] [User Authenticator #11/INFO]: UUID of player AAAAndre is 74ef61e9-264b-4c7c-bf24-4ccd45900c2e
[00:36:16] [Server thread/INFO]: AAAAndre[/10.122.144.214:62483] logged in with entity id 58207 at (24798.35991367437, 69.0, 25054.459780060144)
[00:36:16] [Server thread/INFO]: AAAAndre joined the game
[00:36:42] [User Authenticator #12/INFO]: UUID of player Dest16i_ is 6f47111f-8222-4920-aefc-baee27818edf
[00:36:43] [Server thread/INFO]: Dest16i_[/10.122.144.176:51368] logged in with entity id 58670 at (25197.46859494987, 69.9375, 24569.368131607094)
[00:36:43] [Server thread/INFO]: Dest16i_ joined the game
[00:36:50] [Server thread/WARN]: Mismatch in destroy block pos: ji{x=25120, y=71, z=24544} ji{x=25120, y=69, z=24543}
[00:37:21] [Server thread/INFO]: Dest16i_ has made the advancement [Acquire Hardware]
[00:37:39] [User Authenticator #13/INFO]: UUID of player elhardyd is 3a3d6082-28ae-457c-9246-819ee8ba9487
[00:37:39] [Server thread/INFO]: elhardyd[/10.122.144.70:59349] logged in with entity id 59194 at (25130.995466598197, 6.0, 24618.88480569298)
[00:37:39] [Server thread/INFO]: elhardyd joined the game
[00:37:40] [Server thread/INFO]: AAAAndre lost connection: Disconnected
[00:37:40] [Server thread/INFO]: AAAAndre left the game
[00:37:59] [User Authenticator #14/INFO]: UUID of player AAAAndre is 74ef61e9-264b-4c7c-bf24-4ccd45900c2e
[00:38:00] [Server thread/INFO]: AAAAndre[/10.122.144.214:57164] logged in with entity id 59369 at (24853.439852593037, 69.0, 24928.981989457025)
[00:38:00] [Server thread/INFO]: AAAAndre joined the game
[00:38:25] [Server thread/INFO]: Dest16i_ lost connection: Disconnected
[00:38:25] [Server thread/INFO]: Dest16i_ left the game
[00:38:34] [User Authenticator #15/INFO]: UUID of player Dest16i_ is 6f47111f-8222-4920-aefc-baee27818edf
[00:38:35] [Server thread/INFO]: Dest16i_[/10.122.144.176:51465] logged in with entity id 59888 at (25199.138861406504, 76.0, 24621.15293097771)
[00:38:35] [Server thread/INFO]: Dest16i_ joined the game
[00:39:40] [Server thread/INFO]: elhardyd has made the advancement [Minecraft: Trial(s) Edition]
[00:41:39] [Server thread/INFO]: Dest16i_ has made the advancement [Not Today, Thank You]
[00:41:40] [Server thread/INFO]: Dest16i_ has made the advancement [Monster Hunter]
[00:44:39] [Server thread/INFO]: elhardyd has made the advancement [Under Lock and Key]
[00:45:56] [Server thread/INFO]: Dest16i_ has made the advancement [Isn't It Iron Pick]
[00:46:20] [Server thread/INFO]: AAAAndre lost connection: Disconnected
[00:46:20] [Server thread/INFO]: AAAAndre left the game
[00:46:57] [Server thread/INFO]: Dest16i_ has made the advancement [Suit Up]
[00:47:01] [Server thread/INFO]: AAAAndre (/10.122.144.214:63714) lost connection: Disconnected
[00:47:10] [User Authenticator #16/INFO]: UUID of player AAAAndre is 74ef61e9-264b-4c7c-bf24-4ccd45900c2e
[00:47:12] [Server thread/INFO]: AAAAndre[/10.122.144.214:63733] logged in with entity id 64744 at (24908.75305498135, -6.0, 24793.92500001192)
[00:47:12] [Server thread/INFO]: AAAAndre joined the game
[00:47:38] [Server thread/INFO]: AAAAndre has made the advancement [Acquire Hardware]
[00:48:42] [Server thread/INFO]: AAAAndre has made the advancement [Isn't It Iron Pick]
[00:48:58] [Server thread/INFO]: AAAAndre has made the advancement [Diamonds!]
[00:50:57] [Server thread/INFO]: AAAAndre has made the advancement [Monster Hunter]
[00:52:56] [Server thread/INFO]: AAAAndre lost connection: Timed out
[00:52:56] [Server thread/INFO]: AAAAndre left the game
[00:53:11] [Server thread/INFO]: Dest16i_ has made the advancement [Diamonds!]
[00:55:25] [User Authenticator #17/INFO]: UUID of player AAAAndre is 74ef61e9-264b-4c7c-bf24-4ccd45900c2e
[00:55:26] [Server thread/INFO]: AAAAndre[/10.122.144.214:58356] logged in with entity id 70248 at (24845.30000001192, -9.0, 24817.576090676663)
[00:55:26] [Server thread/INFO]: AAAAndre joined the game
[00:57:02] [User Authenticator #18/INFO]: UUID of player AAAAndre is 74ef61e9-264b-4c7c-bf24-4ccd45900c2e
[00:57:02] [Server thread/INFO]: AAAAndre lost connection: Timed out
[00:57:02] [Server thread/INFO]: AAAAndre left the game
[00:57:04] [Server thread/INFO]: AAAAndre[/10.122.144.214:58384] logged in with entity id 71301 at (24868.4385372902, -9.0, 24795.34833032104)
[00:57:04] [Server thread/INFO]: AAAAndre joined the game
[00:58:00] [Server thread/INFO]: MarioIntro has made the advancement [What a Deal!]
[00:59:19] [Server thread/INFO]: AAAAndre lost connection: Timed out
[00:59:19] [Server thread/INFO]: AAAAndre left the game
[00:59:50] [Server thread/INFO]: Dest16i_ has made the advancement [Cover Me with Diamonds]
[01:00:38] [Server thread/INFO]: <elhardyd> 25192 24573
[01:01:19] [Server thread/INFO]: <elhardyd> 188 -429
[01:02:24] [User Authenticator #19/INFO]: UUID of player AAAAndre is 74ef61e9-264b-4c7c-bf24-4ccd45900c2e
[01:02:25] [Server thread/INFO]: AAAAndre[/10.122.144.214:54862] logged in with entity id 74048 at (24868.36783930628, -9.0, 24794.989553534946)
[01:02:25] [Server thread/INFO]: AAAAndre joined the game
[01:02:59] [Server thread/INFO]: AAAAndre lost connection: Timed out
[01:02:59] [Server thread/INFO]: AAAAndre left the game
[01:05:10] [Server thread/INFO]: <Dest16i_> 188 -429
[01:05:46] [User Authenticator #20/INFO]: UUID of player AAAAndre is 74ef61e9-264b-4c7c-bf24-4ccd45900c2e
[01:05:48] [Server thread/INFO]: AAAAndre[/10.122.144.214:51360] logged in with entity id 75368 at (24868.36783930628, -9.0, 24794.989553534946)
[01:05:48] [Server thread/INFO]: AAAAndre joined the game
[01:06:11] [Server thread/INFO]: <Dest16i_> 188 -429
[01:08:27] [Server thread/INFO]: elhardyd lost connection: Disconnected
[01:08:27] [Server thread/INFO]: elhardyd left the game
[01:08:31] [Server thread/INFO]: <Dest16i_> 188 -429
[01:08:52] [Server thread/INFO]: AAAAndre lost connection: Timed out
[01:08:52] [Server thread/INFO]: AAAAndre left the game
[01:09:02] [User Authenticator #21/INFO]: UUID of player AAAAndre is 74ef61e9-264b-4c7c-bf24-4ccd45900c2e
[01:09:04] [Server thread/INFO]: AAAAndre[/10.122.144.214:62611] logged in with entity id 77036 at (24856.661124516697, -15.0, 24792.30000001192)
[01:09:04] [Server thread/INFO]: AAAAndre joined the game
[01:10:12] [Server thread/WARN]: AAAAndre moved too quickly! -9.959724812168133,-1.0,0.23644602703643613
[01:10:30] [Server thread/INFO]: AAAAndre lost connection: Disconnected
[01:10:30] [Server thread/INFO]: AAAAndre left the game
[01:10:59] [User Authenticator #22/INFO]: UUID of player AAAAndre is 74ef61e9-264b-4c7c-bf24-4ccd45900c2e
[01:11:00] [Server thread/INFO]: AAAAndre[/10.122.144.214:49738] logged in with entity id 77749 at (24862.675056208594, -20.0, 24823.817968828578)
[01:11:00] [Server thread/INFO]: AAAAndre joined the game
[01:14:38] [Server thread/INFO]: AAAAndre lost connection: Disconnected
[01:14:38] [Server thread/INFO]: AAAAndre left the game
[01:14:52] [User Authenticator #23/INFO]: UUID of player AAAAndre is 74ef61e9-264b-4c7c-bf24-4ccd45900c2e
[01:15:08] [Server thread/INFO]: com.mojang.authlib.GameProfile@1773dbeb[id=74ef61e9-264b-4c7c-bf24-4ccd45900c2e,name=AAAAndre,properties={textures=[Property[name=textures, value=ewogICJ0aW1lc3RhbXAiIDogMTc4MTQ4NjA5MjEyMywKICAicHJvZmlsZUlkIiA6ICI3NGVmNjFlOTI2NGI0YzdjYmYyNDRjY2Q0NTkwMGMyZSIsCiAgInByb2ZpbGVOYW1lIiA6ICJBQUFBbmRyZSIsCiAgInNpZ25hdHVyZVJlcXVpcmVkIiA6IHRydWUsCiAgInRleHR1cmVzIiA6IHsKICAgICJTS0lOIiA6IHsKICAgICAgInVybCIgOiAiaHR0cDovL3RleHR1cmVzLm1pbmVjcmFmdC5uZXQvdGV4dHVyZS9kN2QyNjc1Zjc5YmE2MmE4ZTNiNzgxZGM0MjJjNWY1ZjViNGQ3ZWIyZGU4ODQ2NDk2ZjRmYjdiNTNmNGVjMDE2IgogICAgfSwKICAgICJDQVBFIiA6IHsKICAgICAgInVybCIgOiAiaHR0cDovL3RleHR1cmVzLm1pbmVjcmFmdC5uZXQvdGV4dHVyZS8yYzU3OTk2OGM2NGMxNzE5NzQwZmQ4YzJhNDUxNDYxODc5YjIzODAwMjU3NGZjZTQ4ZjdkMWE3YzM2YTFjN2Q0IgogICAgfQogIH0KfQ==, signature=izYA+ey+uCrq10kjweLYiWMM97ii9FF+T4Jqxi+46XIr4dok1oq4MEbNj2BF1PyjfZwaqGpnZdlUSUvqWzFyt2WK5V08Tf9Ja3Dl/5MTgkhqNnNn50G9C1Vr7l3iNEATSgjNMiBWm7JU0sRuhOmaJsLJyMa+ap74bieXm2/81UB9Q54TyD6QHryEFcPobuymVeZLecliV9qP4tmeifdZ0nrev8hgXFwiYKag/b3TajNmAkyJjMILFrzZVmIx56AliBCvCiitvfIXi5EgEaH1WkBKE4NogkI/RYbV+RQuhtM+mEKCNuGPNGqV/7kD/yC+BOGtBokqNQZ+MHWnNgXYtnseQdpqo+x6QpvJeOKrgenuDAxLAv8DY4i6hvg3YQ2m/3foLJJOggyc6/+ngL34tS7H6KX/BwrQwWy6h+4b8XFAA0i55JlbkkhOwIUd9vHB6PQMmGj3sTgxvWD8KpZfLRQPzQmFkUyThVN/byLAtmxKpPy+rgT6gZS+oqTKTOT7y9/ZiNflr7fzLwCNweSqij8KjM7d+RBnp3n2uNEsJG1RI6WyxesgUIYz0O/T2bbb+Md5hHW63/utNHZ7Z87edYbpVHFvjYDHFzlaTWKzWdjDt79ydhW3JwePkmvwAcxz3rDRBHr/7cXG5STgC6XqHDL6YmIGuilHgiFioUyKoJY=]]}] lost connection: Timed out
[01:15:21] [Server thread/INFO]: Dest16i_ has made the advancement [Tactical Fishing]
[01:15:23] [Server thread/INFO]: <Dest16i_> 188 -429
[01:15:28] [User Authenticator #24/INFO]: UUID of player AAAAndre is 74ef61e9-264b-4c7c-bf24-4ccd45900c2e
[01:15:28] [Server thread/INFO]: AAAAndre[/10.122.144.214:53211] logged in with entity id 79611 at (24818.907605614597, -16.0, 24760.346878811808)
[01:15:28] [Server thread/INFO]: AAAAndre joined the game
[01:16:19] [Server thread/INFO]: <Dest16i_> 188 -429
[01:16:45] [Server thread/INFO]: AAAAndre has made the advancement [Not Today, Thank You]
[01:18:19] [Server thread/INFO]: Dest16i_ has made the advancement [What a Deal!]
[01:20:22] [Server thread/INFO]: Dest16i_ has made the advancement [We Need to Go Deeper]
[01:20:34] [Server thread/INFO]: Dest16i_ has made the advancement [A Terrible Fortress]
[01:22:09] [Server thread/INFO]: Unknown game mode: creativeasd
[01:22:09] [Server thread/INFO]: ...reativeasd<--[HERE]
[01:22:34] [Server thread/INFO]: AAAAndre has made the advancement [Cover Me with Diamonds]
[01:22:48] [Server thread/INFO]: Dest16i_ has made the advancement [Into Fire]
[01:23:21] [Server thread/INFO]: Dest16i_ has made the advancement [Local Brewery]
[01:25:02] [Server thread/INFO]: Dest16i_ lost connection: Disconnected
[01:25:02] [Server thread/INFO]: Dest16i_ left the game
[01:25:12] [Server thread/INFO]: <AAAAndre> mario solitos
[01:25:54] [Server thread/INFO]: <AAAAndre> mario solitos
[01:25:55] [Server thread/INFO]: <AAAAndre> mario solitos
[01:27:00] [Server thread/INFO]: <AAAAndre> mario te estoy consiguiendo diamantes chaval
[01:27:10] [Server thread/INFO]: <MarioIntro> va normal
[01:27:33] [Server thread/INFO]: <AAAAndre> estoy viendo tu live
[01:28:01] [Server thread/INFO]: <AAAAndre> tengo lana pero no se consigue
[01:28:41] [Server thread/INFO]: <AAAAndre> ahh
[01:28:53] [Server thread/INFO]: <AAAAndre> xdxd
[01:37:42] [Server thread/INFO]: MarioIntro has made the advancement [Voluntary Exile]
[01:37:46] [Server thread/INFO]: <AAAAndre> te tengo para la armadura
[01:37:52] [Server thread/WARN]: Mismatch in destroy block pos: ji{x=24305, y=64, z=23680} ji{x=24304, y=62, z=23681}
[01:37:53] [Server thread/INFO]: <AAAAndre> asi no te mueres facil
[01:37:55] [Server thread/WARN]: Mismatch in destroy block pos: ji{x=24308, y=64, z=23679} ji{x=24306, y=61, z=23678}
[01:39:41] [User Authenticator #25/INFO]: UUID of player Dest16i_ is 6f47111f-8222-4920-aefc-baee27818edf
[01:39:42] [Server thread/INFO]: Dest16i_[/10.122.144.176:52421] logged in with entity id 95090 at (2995.300000011921, 68.0, 2945.300000011921)
[01:39:42] [Server thread/INFO]: Dest16i_ joined the game
[01:41:04] [Server thread/INFO]: Dest16i_ has made the advancement [Take Aim]
[01:41:13] [Server thread/INFO]: <AAAAndre> hey pasen coords de aldea
[01:45:16] [Server thread/INFO]: Dest16i_ has made the advancement [Spooky Scary Skeleton]
[01:45:41] [Server thread/INFO]: Dest16i_ lost connection: Disconnected
[01:45:41] [Server thread/INFO]: Dest16i_ left the game
[01:49:19] [User Authenticator #26/INFO]: UUID of player Dest16i_ is 6f47111f-8222-4920-aefc-baee27818edf
[01:49:20] [Server thread/INFO]: Dest16i_[/10.122.144.176:52591] logged in with entity id 104405 at (3003.1638276912654, 73.16610926093821, 2961.705960676388)
[01:49:20] [Server thread/INFO]: Dest16i_ joined the game
[01:55:20] [Server thread/INFO]: <AAAAndre> ven papu senal
[01:55:28] [Server thread/INFO]: <AAAAndre> ven
[01:55:43] [Server thread/INFO]: <AAAAndre> tene
[01:55:49] [Server thread/WARN]: Mismatch in destroy block pos: ji{x=22881, y=44, z=23046} ji{x=22882, y=43, z=23046}
[01:56:29] [Server thread/INFO]: MarioIntro has made the advancement [Eye Spy]
[01:56:43] [Server thread/INFO]: AAAAndre has made the advancement [Eye Spy]
[01:58:04] [Server thread/INFO]: <AAAAndre> mario intros en el end no es necesario las botas de oro
[01:58:18] [Server thread/INFO]: AAAAndre has made the advancement [Hot Stuff]
[01:58:57] [Server thread/INFO]: <AAAAndre> tenes flechas?
[01:59:21] [Server thread/WARN]: Dest16i_ moved wrongly!
[01:59:22] [Server thread/WARN]: Dest16i_ moved wrongly!
[01:59:31] [Server thread/INFO]: MarioIntro has made the advancement [The End?]
[01:59:32] [Server thread/INFO]: Scanning for legacy world dragon fight...
[01:59:32] [Server thread/INFO]: Found that the dragon has not yet been killed in this world.
[01:59:32] [Server thread/INFO]: AAAAndre has made the advancement [The End?]
[02:01:08] [Server thread/INFO]: Dest16i_ has made the advancement [Ice Bucket Challenge]
[02:01:23] [Server thread/WARN]: Dest16i_ moved wrongly!
[02:01:35] [Server thread/INFO]: Dest16i_ lost connection: Disconnected
[02:01:35] [Server thread/INFO]: Dest16i_ left the game
[02:01:43] [User Authenticator #27/INFO]: UUID of player Dest16i_ is 6f47111f-8222-4920-aefc-baee27818edf
[02:01:44] [Server thread/INFO]: Dest16i_[/10.122.144.176:52791] logged in with entity id 112174 at (2978.4971340815287, 67.0, 2978.2437296274247)
[02:01:44] [Server thread/INFO]: Dest16i_ joined the game
[02:02:11] [Server thread/INFO]: <AAAAndre> ya
[02:02:13] [Server thread/INFO]: <AAAAndre> matalo
[02:03:32] [User Authenticator #28/INFO]: UUID of player elhardyd is 3a3d6082-28ae-457c-9246-819ee8ba9487
[02:03:33] [Server thread/INFO]: elhardyd[/10.122.144.70:61543] logged in with entity id 112765 at (25166.30000001192, 71.0, 24577.430249530094)
[02:03:33] [Server thread/INFO]: elhardyd joined the game
[02:03:49] [Server thread/INFO]: <MarioIntro> entra a call
[02:04:07] [Server thread/INFO]: AAAAndre has made the advancement [Take Aim]
[02:05:32] [Server thread/INFO]: MarioIntro burned to death
[02:06:16] [Server thread/INFO]: <MarioIntro> -2111
[02:06:30] [Server thread/INFO]: <MarioIntro> -2111 -1990
[02:06:36] [Server thread/INFO]: AAAAndre was doomed to fall by Ender Dragon
[02:06:42] [Server thread/INFO]: <AAAAndre> xd
[02:08:26] [Server thread/INFO]: <MarioIntro> no lo mates
[02:08:30] [Server thread/INFO]: <MarioIntro> no lo mates
[02:08:31] [Server thread/INFO]: <MarioIntro> no lo mates
[02:08:31] [Server thread/INFO]: <MarioIntro> no lo mates
[02:08:39] [Server thread/INFO]: <MarioIntro> nesesitamos el aliento
[02:08:39] [Server thread/INFO]: <AAAAndre> por que no
[02:08:46] [Server thread/INFO]: <AAAAndre> trae botellas
[02:08:52] [Server thread/INFO]: <MarioIntro> agarra pues
[02:09:07] [Server thread/INFO]: <AAAAndre> matate y ve a coger arena yo te cuido las cosas
[02:09:43] [Server thread/INFO]: <AAAAndre> hardyd mamalo
[02:09:43] [Server thread/INFO]: <MarioIntro> hay viene hardy tu espera nomas
[02:09:56] [Server thread/INFO]: <AAAAndre> mario estoy viendo el live
[02:10:03] [Server thread/INFO]: AAAAndre was doomed to fall by Ender Dragon
[02:13:08] [Server thread/INFO]: <AAAAndre> hey penea
[02:13:36] [Server thread/INFO]: AAAAndre was slain by Enderman
[02:14:42] [Server thread/INFO]: MarioIntro has reached the goal [You Need a Mint]
[02:14:48] [Server thread/INFO]: AAAAndre was killed by Ender Dragon using magic
[02:14:51] [Server thread/INFO]: MarioIntro has made the advancement [Take Aim]
[02:15:04] [Server thread/INFO]: AAAAndre lost connection: Timed out
[02:15:04] [Server thread/INFO]: AAAAndre left the game
[02:15:08] [Server thread/INFO]: MarioIntro has made the advancement [Free the End]
[02:15:18] [Server thread/INFO]: <elhardyd> gg
[02:17:27] [Server thread/INFO]: MarioIntro has reached the goal [The Next Generation]
[02:18:34] [Server thread/INFO]: MarioIntro has made the advancement [Remote Getaway]
[02:20:34] [Server thread/INFO]: elhardyd lost connection: Timed out
[02:20:34] [Server thread/INFO]: elhardyd left the game
[02:22:24] [User Authenticator #29/INFO]: UUID of player elhardyd is 3a3d6082-28ae-457c-9246-819ee8ba9487
[02:22:24] [Server thread/INFO]: elhardyd[/10.122.144.70:60691] logged in with entity id 127435 at (25023.96352461001, 64.02442408821369, 24614.34465183902)
[02:22:24] [Server thread/INFO]: elhardyd joined the game
[02:22:35] [User Authenticator #30/INFO]: UUID of player AAAAndre is 74ef61e9-264b-4c7c-bf24-4ccd45900c2e
[02:22:38] [Server thread/INFO]: AAAAndre[/10.122.144.214:50654] logged in with entity id 127641 at (-3.6717757761464975, 59.0, 48.11418726570067)
[02:22:38] [Server thread/INFO]: AAAAndre joined the game
[02:23:23] [Server thread/INFO]: Dest16i_ lost connection: Disconnected
[02:23:23] [Server thread/INFO]: Dest16i_ left the game
[02:23:30] [User Authenticator #31/INFO]: UUID of player Dest16i_ is 6f47111f-8222-4920-aefc-baee27818edf
[02:23:31] [Server thread/INFO]: Dest16i_[/10.122.144.176:53133] logged in with entity id 128278 at (25129.95106806406, 69.0, 24586.471396817673)
[02:23:31] [Server thread/INFO]: Dest16i_ joined the game
[02:24:40] [Server thread/INFO]: elhardyd has made the advancement [Tactical Fishing]
[02:24:44] [Server thread/INFO]: AAAAndre has made the advancement [Remote Getaway]
[02:25:27] [Server thread/INFO]: <AAAAndre> Donde estas mario
[02:25:42] [Server thread/INFO]: Dest16i_ lost connection: Disconnected
[02:25:42] [Server thread/INFO]: Dest16i_ left the game
[02:25:42] [Server thread/INFO]: <AAAAndre> voy
[02:25:49] [User Authenticator #32/INFO]: UUID of player Dest16i_ is 6f47111f-8222-4920-aefc-baee27818edf
[02:25:50] [Server thread/INFO]: Dest16i_[/10.122.144.176:53180] logged in with entity id 129261 at (25183.94642906583, 71.0, 24579.789275551953)
[02:25:50] [Server thread/INFO]: Dest16i_ joined the game
[02:28:08] [Server thread/INFO]: Dest16i_ lost connection: Disconnected
[02:28:08] [Server thread/INFO]: Dest16i_ left the game
[02:28:51] [User Authenticator #33/INFO]: UUID of player Dest16i_ is 6f47111f-8222-4920-aefc-baee27818edf
[02:28:52] [Server thread/INFO]: Dest16i_[/10.122.144.176:53253] logged in with entity id 130709 at (25302.18268781154, 68.24918707874468, 24512.01035309524)
[02:28:52] [Server thread/INFO]: Dest16i_ joined the game
[02:29:16] [Server thread/INFO]: AAAAndre hit the ground too hard while trying to escape Enderman
[02:29:20] [Server thread/INFO]: <AAAAndre> puta
[02:30:51] [Server thread/WARN]: Mismatch in destroy block pos: ji{x=25572, y=64, z=24090} ji{x=25572, y=62, z=24091}
[02:31:38] [Server thread/INFO]: <Dest16i_> :,v
[02:35:11] [Server thread/INFO]: Villager coj['Farmer'/134184, l='ServerLevel[world]', x=25173.10, y=70.00, z=24579.30] died, message: 'Farmer was slain by Zombie'
[02:36:32] [Server thread/INFO]: Dest16i_ has made the advancement [Enchanter]
[02:38:50] [Server thread/INFO]: <AAAAndre> CONSEGUI MIS COSAS LOL
[02:39:46] [Server thread/INFO]: <AAAAndre> Te va a salir una sin barco
[02:40:52] [Server thread/INFO]: elhardyd has made the advancement [Who Needs Rockets?]
[02:41:59] [Server thread/WARN]: Mismatch in destroy block pos: ji{x=25320, y=53, z=24678} ji{x=25320, y=52, z=24678}
[02:42:21] [Server thread/WARN]: Mismatch in destroy block pos: ji{x=25335, y=48, z=24742} ji{x=25335, y=49, z=24742}
[02:42:22] [Server thread/WARN]: Mismatch in destroy block pos: ji{x=25333, y=47, z=24743} ji{x=25334, y=48, z=24742}
[02:42:39] [Server thread/WARN]: Mismatch in destroy block pos: ji{x=25340, y=48, z=24747} ji{x=25340, y=49, z=24747}
[02:42:39] [Server thread/WARN]: Mismatch in destroy block pos: ji{x=25340, y=48, z=24747} ji{x=25340, y=49, z=24747}
[02:45:34] [Server thread/WARN]: AAAAndre moved too quickly! -3.554190688731751,-16.706327013790776,5.847602317827551
[02:45:42] [Server thread/INFO]: elhardyd has made the advancement [The Parrots and the Bats]
[02:51:25] [Server thread/INFO]: Villager coj['Fletcher'/134209, l='ServerLevel[world]', x=25197.70, y=71.06, z=24583.50] died, message: 'Fletcher was slain by Zombie'
[02:51:39] [Server thread/INFO]: Villager coj['Librarian'/134208, l='ServerLevel[world]', x=25186.70, y=71.00, z=24567.30] died, message: 'Librarian was slain by Zombie'
[02:52:12] [Server thread/INFO]: <AAAAndre> encontre el barco antes que tu xdxd
[02:53:12] [Server thread/INFO]: AAAAndre has made the advancement [The City at the End of the Game]
[02:53:22] [Server thread/INFO]: AAAAndre has reached the goal [Sky's the Limit]
[02:53:47] [Server thread/INFO]: AAAAndre has made the advancement [Local Brewery]
[02:55:08] [Server thread/INFO]: <AAAAndre> JAJJAJ MLP te gane
[02:55:32] [Server thread/INFO]: MarioIntro has made the advancement [The City at the End of the Game]
[02:55:45] [Server thread/INFO]: MarioIntro has reached the goal [Sky's the Limit]
[02:56:05] [Server thread/INFO]: MarioIntro has made the advancement [Local Brewery]
[02:59:13] [Server thread/WARN]: Mismatch in destroy block pos: ji{x=25316, y=51, z=24686} ji{x=25316, y=50, z=24686}
[02:59:14] [Server thread/INFO]: <Dest16i_> asd
[03:01:24] [Server thread/INFO]: <Dest16i_> 180 -400
[03:03:56] [Server thread/INFO]: Dest16i_ has reached the goal [You Need a Mint]
[03:05:01] [Server thread/INFO]: <AAAAndre> lol
[03:05:19] [Server thread/INFO]: <AAAAndre> aqui hubiera servido el mazo hardyd
[03:05:25] [Server thread/INFO]: <elhardyd> XD
[03:05:37] [Server thread/INFO]: <AAAAndre> tienen webs?
[03:05:43] [Server thread/INFO]: elhardyd has made the advancement [Voluntary Exile]
[03:05:57] [Server thread/INFO]: <AAAAndre> no quiero morir
[03:06:06] [Server thread/INFO]: <AAAAndre> para trapear a los pavos
[03:06:23] [Server thread/INFO]: <AAAAndre> a los pillagers
[03:06:50] [Server thread/INFO]: <AAAAndre> yo estudie pociones 2 en la universidad
[03:08:27] [Server thread/INFO]: Dest16i_ has made the advancement [Ol' Betsy]
[03:08:35] [Server thread/INFO]: Dest16i_ has made the advancement [Who's the Pillager Now?]
[03:08:39] [Server thread/INFO]: Dest16i_ has completed the challenge [Hero of the Village]
[03:08:39] [Server thread/INFO]: AAAAndre has completed the challenge [Hero of the Village]
[03:08:39] [Server thread/INFO]: elhardyd has completed the challenge [Hero of the Village]
[03:08:39] [Server thread/INFO]: MarioIntro has completed the challenge [Hero of the Village]
[03:08:48] [Server thread/INFO]: <AAAAndre> lil bluf
[03:08:52] [Server thread/INFO]: <AAAAndre> lil blud
[03:09:08] [Server thread/INFO]: <AAAAndre> nivel menos 5
[03:10:03] [Server thread/INFO]: <AAAAndre> no tengo ender ahi
[03:10:28] [Server thread/INFO]: <AAAAndre> mario tenes perlas?
[03:11:02] [Server thread/INFO]: Expected whitespace to end one argument, but found trailing data
[03:11:02] [Server thread/INFO]: give Mario/give MarioIntro minecraft:totem_of_undying 1<--[HERE]
[03:11:10] [Server thread/INFO]: AAAAndre has made the advancement [Enchanter]
[03:11:19] [Server thread/INFO]: Gave 1 [Totem of Undying] to MarioIntro
[03:11:37] [Server thread/INFO]: <AAAAndre> con creativo quee
[03:11:42] [Server thread/INFO]: AAAAndre has made the advancement [Suit Up]
[03:13:07] [Server thread/INFO]: AAAAndre has made the advancement [Minecraft: Trial(s) Edition]
[03:13:46] [Server thread/INFO]: MarioIntro has made the advancement [Spooky Scary Skeleton]
[03:18:43] [Server thread/INFO]: <AAAAndre> xd
[03:18:55] [Server thread/INFO]: <elhardyd> XDDDDD
[03:19:03] [Server thread/INFO]: <AAAAndre> hice water puto
[03:19:12] [Server thread/INFO]: <Dest16i_> 940 63 -492
[03:19:23] [Server thread/INFO]: <Dest16i_> 949 63 -746
[03:20:35] [Server thread/INFO]: <AAAAndre> trucos de ht1 hardyd
[03:20:52] [Server thread/INFO]: MarioIntro has made the advancement [The Parrots and the Bats]
[03:24:20] [Server thread/INFO]: MarioIntro has made the advancement [Enchanter]
[03:24:33] [Server thread/WARN]: Mismatch in destroy block pos: ji{x=25940, y=54, z=24539} ji{x=25940, y=53, z=24539}
[03:24:33] [Server thread/WARN]: Mismatch in destroy block pos: ji{x=25940, y=54, z=24539} ji{x=25940, y=53, z=24539}
[03:27:32] [Server thread/INFO]: AAAAndre has made the advancement [Under Lock and Key]
[03:30:12] [Server thread/INFO]: MarioIntro has made the advancement [Withering Heights]
[03:30:23] [Server thread/INFO]: <AAAAndre> ven
[03:32:00] [Server thread/INFO]: <AAAAndre> hardyd no es mejor buscar miel en la superficie?
[03:32:09] [Server thread/INFO]: <elhardyd> SI YA ME SALDRE
[03:32:20] [Server thread/INFO]: <AAAAndre> donde estas
[03:32:26] [Server thread/INFO]: <AAAAndre> estoy en la call hardyd
[03:32:27] [Server thread/INFO]: <elhardyd> ARRIBA
[03:32:44] [Server thread/INFO]: <AAAAndre> no se te escuchaba
[03:32:57] [Server thread/INFO]: <AAAAndre> volteo
[03:34:10] [Server thread/INFO]: <Dest16i_> DUERMAN CHIQUES
[03:34:22] [Server thread/INFO]: <AAAAndre> where tf are you
[03:34:43] [Server thread/INFO]: <AAAAndre> puto el que usa comandos en survival
[03:34:47] [Server thread/INFO]: <AAAAndre> espere
[03:34:48] [Server thread/INFO]: elhardyd lost connection: Disconnected
[03:34:48] [Server thread/INFO]: elhardyd left the game
[03:34:49] [Server thread/INFO]: AAAAndre lost connection: Disconnected
[03:34:49] [Server thread/INFO]: AAAAndre left the game
[03:35:01] [User Authenticator #34/INFO]: UUID of player AAAAndre is 74ef61e9-264b-4c7c-bf24-4ccd45900c2e
[03:35:02] [Server thread/INFO]: AAAAndre[/10.122.144.214:52941] logged in with entity id 180928 at (25242.3756305067, 23.0, 24593.22481871326)
[03:35:02] [Server thread/INFO]: AAAAndre joined the game
[03:35:07] [Server thread/INFO]: AAAAndre lost connection: Disconnected
[03:35:07] [Server thread/INFO]: AAAAndre left the game
[03:35:17] [Server thread/INFO]: <MarioIntro> zzz
[03:35:17] [Server thread/INFO]: <MarioIntro> z
[03:35:17] [Server thread/INFO]: <MarioIntro> zzz
[03:35:18] [Server thread/INFO]: <MarioIntro> zz
[03:35:18] [Server thread/INFO]: <MarioIntro> z
[03:35:18] [Server thread/INFO]: <MarioIntro> z
[03:35:18] [Server thread/INFO]: <MarioIntro> z
[03:35:18] [Server thread/INFO]: <MarioIntro> z
[03:35:19] [Server thread/INFO]: <MarioIntro> z
[03:35:19] [Server thread/INFO]: <MarioIntro> z
[03:35:19] [Server thread/INFO]: <MarioIntro> z
[03:35:53] [User Authenticator #35/INFO]: UUID of player AAAAndre is 74ef61e9-264b-4c7c-bf24-4ccd45900c2e
[03:35:53] [Server thread/INFO]: AAAAndre[/10.122.144.214:51693] logged in with entity id 181441 at (25240.327291219604, 23.0, 24592.30000001192)
[03:35:53] [Server thread/INFO]: AAAAndre joined the game
[03:37:07] [User Authenticator #36/INFO]: UUID of player elhardyd is 3a3d6082-28ae-457c-9246-819ee8ba9487
[03:37:08] [Server thread/INFO]: elhardyd[/10.122.144.70:59709] logged in with entity id 183081 at (25237.17937191402, 23.0, 24591.30000001192)
[03:37:08] [Server thread/INFO]: elhardyd joined the game
[03:39:49] [Server thread/INFO]: AAAAndre has made the advancement [What a Deal!]
[03:40:08] [Server thread/INFO]: <AAAAndre> no
[03:40:18] [Server thread/INFO]: <AAAAndre> procesando
[03:40:18] [Server thread/INFO]: elhardyd has made the advancement [What a Deal!]
[03:40:25] [Server thread/INFO]: <AAAAndre> ahora voy por estandarte
[03:44:07] [Server thread/INFO]: Villager coj['Nitwit'/162235, l='ServerLevel[world]', x=26006.68, y=70.00, z=24579.49] died, message: 'Nitwit was slain by Dest16i_'
[03:44:22] [Server thread/INFO]: <AAAAndre> neaa ya estaba haciendo el estandarte
[03:44:27] [Server thread/INFO]: <Dest16i_> wajaja
[03:44:49] [Server thread/INFO]: <AAAAndre> voy
[03:47:56] [Server thread/INFO]: <AAAAndre> fallecieron
[03:49:31] [Server thread/INFO]: <AAAAndre> no tengo otro aldeano
[03:51:11] [Server thread/INFO]: Villager coj['Librarian'/181557, l='ServerLevel[world]', x=25152.31, y=70.00, z=24582.69] died, message: 'Librarian was slain by Zombie'
[03:51:20] [Server thread/INFO]: <AAAAndre> ami
[03:51:32] [Server thread/INFO]: <AAAAndre> donde putas estas dest
[03:53:05] [Server thread/INFO]: <Dest16i_> 969 66 -439
[03:53:14] [Server thread/INFO]: Teleported AAAAndre to MarioIntro
[03:53:44] [Server thread/INFO]: MarioIntro lost connection: Disconnected
[03:53:44] [Server thread/INFO]: MarioIntro left the game
[03:57:39] [Server thread/INFO]: <AAAAndre> hardyd quieres una elytra
[03:58:02] [Server thread/INFO]: <AAAAndre> perame hijueputa
[03:58:23] [Server thread/INFO]: <AAAAndre> estoy casi near
[03:58:26] [Server thread/INFO]: <AAAAndre> cerca
[04:00:28] [Server thread/INFO]: <AAAAndre> pues chad no?
[04:00:43] [Server thread/INFO]: <AAAAndre> si
[04:00:51] [Server thread/INFO]: <AAAAndre> mentiraa
[04:01:04] [Server thread/INFO]: <AAAAndre> el hpta maricon de mario me tpeo en la stronghold
[04:01:38] [Server thread/INFO]: <AAAAndre> denotada venezolana
[04:01:46] [Server thread/WARN]: Oak Boat (vehicle of AAAAndre) moved wrongly! 0.5148777233116562
[04:01:46] [Server thread/WARN]: Oak Boat (vehicle of AAAAndre) moved wrongly! 0.800162743380497
[04:01:46] [Server thread/WARN]: Oak Boat (vehicle of AAAAndre) moved wrongly! 0.26831289217443555
[04:02:02] [Server thread/INFO]: <AAAAndre> se le chispoteo
[04:03:05] [Server thread/INFO]: <AAAAndre> oe dest
[04:03:14] [Server thread/INFO]: <AAAAndre> no puedo hacer lo del libro ahora
[04:03:18] [Server thread/INFO]: <AAAAndre> me tpeo al end
[04:03:39] [Server thread/INFO]: <AAAAndre> cual es el coral
[04:03:40] [Server thread/INFO]: <AAAAndre> cf
[04:03:53] [Server thread/INFO]: <AAAAndre> pos nomas
[04:05:36] [Server thread/INFO]: <AAAAndre> el coral de tubo se saca con toque de seda dice chat gpt
[04:06:06] [Server thread/INFO]: <AAAAndre> cual encantamiento ;skull;
[04:06:39] [Server thread/INFO]: <AAAAndre> necesito un mar grande
[04:07:54] [Server thread/INFO]: <AAAAndre> el micelio como
[04:08:09] [Server thread/INFO]: <AAAAndre> ese bioma que
[04:13:20] [Server thread/INFO]: <AAAAndre> pasa coords dest
[04:13:24] [Server thread/INFO]: <AAAAndre> te llego rapido
[04:13:29] [Server thread/INFO]: <Dest16i_> 955 65 -436
[04:14:03] [Server thread/INFO]: <Dest16i_> zzz
[04:15:31] [Server thread/INFO]: <Dest16i_> AAAAndre salte pez
[04:15:34] [Server thread/INFO]: <Dest16i_> para dormir
[04:15:36] [Server thread/INFO]: <Dest16i_> zzzz
[04:15:38] [Server thread/INFO]: AAAAndre fell from a high place
[04:15:46] [Server thread/INFO]: <AAAAndre> JUEPUTAA
[04:15:50] [Server thread/INFO]: <AAAAndre> malparido mouse
[04:15:52] [Server thread/INFO]: <Dest16i_> tXDDDDDDDDD
[04:16:02] [Server thread/INFO]: <AAAAndre> soy el troll
[04:16:34] [Server thread/INFO]: <AAAAndre> estoy cerca del spawn
[04:21:51] [Server thread/INFO]: <AAAAndre> estoy llendo por mis cosas
[04:25:46] [Server thread/INFO]: <AAAAndre> tocarla con flores
[04:33:30] [Server thread/INFO]: <AAAAndre> GG GAYS
[04:33:32] [Server thread/INFO]: <AAAAndre> guys
[04:33:35] [Server thread/INFO]: <elhardyd> gg
[04:33:54] [Server thread/INFO]: <AAAAndre> culpa de hardyd
[04:34:11] [Server thread/INFO]: elhardyd lost connection: Disconnected
[04:34:11] [Server thread/INFO]: elhardyd left the game
[04:34:23] [Server thread/INFO]: AAAAndre lost connection: Disconnected
[04:34:23] [Server thread/INFO]: AAAAndre left the game
[04:36:00] [Server thread/INFO]: Dest16i_ lost connection: Disconnected
[04:36:00] [Server thread/INFO]: Dest16i_ left the game
[04:37:00] [Server thread/INFO]: Server empty for 60 seconds, pausing
